[2026-08-11 13:12:24] Issue #1 - 'Test' | Estado: FAILED
Detalle: Fallo Crítico: Stop after Phase 2
--------------------------------------------------------------------------------
[2026-08-11 13:12:25] Issue #1 - 'Test' | Estado: FAILED
Detalle: Fallo Crítico: Stop after Phase 2
--------------------------------------------------------------------------------
[2026-08-11 15:53:22] Issue #1 - 'T' | Estado: FAILED
Detalle: Fallo Crítico: Object of type MagicMock is not JSON serializable
--------------------------------------------------------------------------------
[2026-08-11 15:53:23] Issue #1 - 'T' | Estado: FAILED
Detalle: Fallo Crítico: Object of type MagicMock is not JSON serializable
--------------------------------------------------------------------------------
[2026-08-11 15:54:19] Issue #1 - 'T' | Estado: FAILED
Detalle: Fallo Crítico: Object of type MagicMock is not JSON serializable
--------------------------------------------------------------------------------
[2026-08-11 15:54:20] Issue #1 - 'T' | Estado: FAILED
Detalle: Fallo Crítico: Object of type MagicMock is not JSON serializable
--------------------------------------------------------------------------------
[2026-08-11 15:56:09] Issue #1 - 'T' | Estado: FAILED
Detalle: Fallo Crítico: 'str' object has no attribute 'approved'
--------------------------------------------------------------------------------
[2026-08-11 15:56:10] Issue #1 - 'T' | Estado: FAILED
Detalle: Fallo Crítico: 'str' object has no attribute 'approved'
--------------------------------------------------------------------------------
[2026-08-11 15:58:19] Issue #1 - 'T' | Estado: FAILED
Detalle: Fallo Crítico: Object of type MagicMock is not JSON serializable
--------------------------------------------------------------------------------
[2026-08-11 15:58:20] Issue #1 - 'T' | Estado: FAILED
Detalle: Fallo Crítico: Object of type MagicMock is not JSON serializable
--------------------------------------------------------------------------------
[2026-08-11 16:00:13] Issue #1 - 'T' | Estado: FAILED
Detalle: Fallo Crítico: Object of type MagicMock is not JSON serializable
--------------------------------------------------------------------------------
[2026-08-11 16:00:13] Issue #1 - 'T' | Estado: FAILED
Detalle: Fallo Crítico: Object of type MagicMock is not JSON serializable
--------------------------------------------------------------------------------
[2026-08-11 16:01:51] Issue #1 - 'T' | Estado: FAILED
Detalle: Fallo Crítico: write() argument must be str, not MagicMock
--------------------------------------------------------------------------------
[2026-08-11 16:01:52] Issue #1 - 'T' | Estado: FAILED
Detalle: Fallo Crítico: write() argument must be str, not MagicMock
--------------------------------------------------------------------------------
[2026-08-11 16:04:57] Issue #1 - 'T' | Estado: SUCCESS
Detalle: Despliegue y PR completado.
--------------------------------------------------------------------------------
[2026-08-11 16:04:57] Issue #1 - 'T' | Estado: SUCCESS
Detalle: Despliegue y PR completado.
--------------------------------------------------------------------------------
[2026-08-11 16:08:26] Issue #1 - 'T' | Estado: SUCCESS
Detalle: Despliegue y PR completado.
--------------------------------------------------------------------------------
[2026-08-11 16:09:52] Issue #1 - 'T' | Estado: SUCCESS
Detalle: Despliegue y PR completado.
--------------------------------------------------------------------------------
[2026-08-11 16:09:53] Issue #1 - 'T' | Estado: SUCCESS
Detalle: Despliegue y PR completado.
--------------------------------------------------------------------------------
[2026-08-11 16:21:34] Issue #1 - 'T' | Estado: SUCCESS
Detalle: Despliegue y PR completado.
--------------------------------------------------------------------------------
[2026-08-11 16:21:35] Issue #1 - 'T' | Estado: SUCCESS
Detalle: Despliegue y PR completado.
--------------------------------------------------------------------------------
[2026-08-11 16:24:39] Issue #1 - 'T' | Estado: SUCCESS
Detalle: Despliegue y PR completado.
--------------------------------------------------------------------------------
[2026-08-11 16:24:39] Issue #1 - 'T' | Estado: SUCCESS
Detalle: Despliegue y PR completado.
--------------------------------------------------------------------------------
[2026-08-11 16:27:21] Issue #1 - 'T' | Estado: SUCCESS
Detalle: Despliegue y PR completado.
--------------------------------------------------------------------------------
[2026-08-11 16:27:21] Issue #1 - 'T' | Estado: SUCCESS
Detalle: Despliegue y PR completado.
--------------------------------------------------------------------------------
[2026-08-11 16:33:50] Issue #1 - 'T' | Estado: SUCCESS
Detalle: Despliegue y PR completado.
--------------------------------------------------------------------------------
[2026-08-11 16:33:50] Issue #1 - 'T' | Estado: SUCCESS
Detalle: Despliegue y PR completado.
--------------------------------------------------------------------------------
[2026-08-11 16:35:21] Issue #1 - 'T' | Estado: SUCCESS
Detalle: Despliegue y PR completado.
--------------------------------------------------------------------------------
[2026-08-11 16:35:21] Issue #1 - 'T' | Estado: SUCCESS
Detalle: Despliegue y PR completado.
--------------------------------------------------------------------------------
[2026-08-11 16:37:33] Issue #1 - 'T' | Estado: SUCCESS
Detalle: Despliegue y PR completado.
--------------------------------------------------------------------------------
[2026-08-11 16:37:33] Issue #1 - 'T' | Estado: SUCCESS
Detalle: Despliegue y PR completado.
--------------------------------------------------------------------------------
[2026-08-11 16:38:47] Issue #1 - 'T' | Estado: SUCCESS
Detalle: Despliegue y PR completado.
--------------------------------------------------------------------------------
[2026-08-11 16:38:47] Issue #1 - 'T' | Estado: SUCCESS
Detalle: Despliegue y PR completado.
--------------------------------------------------------------------------------
